
[1m[46m RUN [49m[22m [36mv4.0.18 [39m[90mD:/AOA_PRACTICE/AOA_Practice/p_frontend[39m

 [31mΓ¥»[39m src/test/PatientCreation.test.jsx [2m([22m[2m10 tests[22m[2m | [22m[31m10 failed[39m[2m)[22m[32m 40[2mms[22m[39m
[31m     [31m├ù[31m renders Patients page with loading skeletons[39m[32m 19[2mms[22m[39m
[31m     [31m├ù[31m loads patients list successfully[39m[32m 2[2mms[22m[39m
[31m     [31m├ù[31m opens Add Patient sheet[39m[32m 2[2mms[22m[39m
[31m     [31m├ù[31m opens Patient Details sheet[39m[32m 2[2mms[22m[39m
[31m     [31m├ù[31m opens Add Product sheet[39m[32m 2[2mms[22m[39m
[31m     [31m├ù[31m validates all required fields[39m[32m 5[2mms[22m[39m
[31m     [31m├ù[31m shows email validation error[39m[32m 2[2mms[22m[39m
[31m     [31m├ù[31m cascading selects work correctly[39m[32m 2[2mms[22m[39m
[31m     [31m├ù[31m successfully creates patient with all fields[39m[32m 1[2mms[22m[39m
[31m     [31m├ù[31m handles API error gracefully[39m[32m 1[2mms[22m[39m
node.exe : 
At line:1 char:1
+ & "C:\Program 
Files\nodejs/node.exe" 
"C:\Program 
Files\nodejs/node_mo ...
+ ~~~~~~~~~~~~~~~~~~~~~~~~~~
~~~~~~~~~~~~~~~~~~~~~~~~~~~~
~~~~~~~~~~~~~~~
    + CategoryInfo          
    : NotSpecified: (:Stri  
  ng) [], RemoteException
    + FullyQualifiedErrorId 
    : NativeCommandError
 
[31mΓÄ»ΓÄ»ΓÄ»ΓÄ»ΓÄ»ΓÄ»[39m
[1m[41m Failed Tests 10 [
49m[22m[31mΓÄ»ΓÄ»ΓÄ»ΓÄ»ΓÄ»
ΓÄ»ΓÄ»[39m

[41m[1m FAIL [22m[49m sr
c/test/PatientCreation.test.
jsx[2m:65:3[22m[2m > 
[22mPatients Page 
Integration[2m > 
[22mrenders Patients page 
with loading skeletons
[41m[1m FAIL [22m[49m sr
c/test/PatientCreation.test.
jsx[2m:71:3[22m[2m > 
[22mPatients Page 
Integration[2m > 
[22mloads patients list 
successfully
[41m[1m FAIL [22m[49m sr
c/test/PatientCreation.test.
jsx[2m:80:3[22m[2m > 
[22mPatients Page 
Integration[2m > 
[22mopens Add Patient sheet
[41m[1m FAIL [22m[49m sr
c/test/PatientCreation.test.
jsx[2m:88:3[22m[2m > 
[22mPatients Page 
Integration[2m > 
[22mopens Patient Details 
sheet
[41m[1m FAIL [22m[49m sr
c/test/PatientCreation.test.
jsx[2m:98:3[22m[2m > 
[22mPatients Page 
Integration[2m > 
[22mopens Add Product sheet
[31m[1mError[22m: 
useLanguage must be used 
within LanguageProvider[39m
[36m [2mΓ¥»[22m 
useLanguage src/language/use
Language.ts:[2m7:11[22m[3
9m
    [90m  5| [39m  
[35mconst[39m context 
[33m=[39m [34museContext
[39m([33mLanguageContext[3
9m)[33m;[39m
    [90m  6| [39m  
[35mif[39m 
([33m![39mcontext) {
    [90m  7| [39m    
throw new 
Error("useLanguage must be 
used within 
LanguageProvider"ΓÇª
    [90m   | [39m         
 [31m^[39m
    [90m  8| [39m  }
    [90m  9| [39m  
[35mreturn[39m 
context[33m;[39m
[90m [2mΓ¥»[22m Patients 
src/pages/Patients.tsx:[2m4
5:24[22m[39m
[90m [2mΓ¥»[22m Object.re
act_stack_bottom_frame node_
modules/react-dom/cjs/react-
dom-client.development.js:[
2m25904:20[22m[39m
[90m [2mΓ¥»[22m 
renderWithHooks node_modules
/react-dom/cjs/react-dom-cli
ent.development.js:[2m7662:
22[22m[39m
[90m [2mΓ¥»[22m 
updateFunctionComponent node
_modules/react-dom/cjs/react
-dom-client.development.js:
[2m10166:19[22m[39m
[90m [2mΓ¥»[22m 
beginWork node_modules/react
-dom/cjs/react-dom-client.de
velopment.js:[2m11778:18[2
2m[39m
[90m [2mΓ¥»[22m 
runWithFiberInDEV node_modul
es/react-dom/cjs/react-dom-c
lient.development.js:[2m874
:13[22m[39m
[90m [2mΓ¥»[22m 
performUnitOfWork node_modul
es/react-dom/cjs/react-dom-c
lient.development.js:[2m176
41:22[22m[39m
[90m [2mΓ¥»[22m 
workLoopSync node_modules/re
act-dom/cjs/react-dom-client
.development.js:[2m17469:41
[22m[39m
[90m [2mΓ¥»[22m 
renderRootSync node_modules/
react-dom/cjs/react-dom-clie
nt.development.js:[2m17450:
11[22m[39m

[31m[2mΓÄ»ΓÄ»ΓÄ»ΓÄ»ΓÄ»ΓÄ»Γ
Ä»ΓÄ»ΓÄ»ΓÄ»ΓÄ»ΓÄ»ΓÄ»ΓÄ»ΓÄ»ΓÄ
»ΓÄ»ΓÄ»ΓÄ»ΓÄ»ΓÄ»ΓÄ»ΓÄ»[1/10]
ΓÄ»[22m[39m

[41m[1m FAIL [22m[49m sr
c/test/PatientCreation.test.
jsx[2m:126:3[22m[2m > 
[22mPatientOnboardingForm 
Integration[2m > 
[22mvalidates all required 
fields
[41m[1m FAIL [22m[49m sr
c/test/PatientCreation.test.
jsx[2m:134:3[22m[2m > 
[22mPatientOnboardingForm 
Integration[2m > 
[22mshows email validation 
error
[41m[1m FAIL [22m[49m sr
c/test/PatientCreation.test.
jsx[2m:145:3[22m[2m > 
[22mPatientOnboardingForm 
Integration[2m > 
[22mcascading selects work 
correctly
[41m[1m FAIL [22m[49m sr
c/test/PatientCreation.test.
jsx[2m:174:3[22m[2m > 
[22mPatientOnboardingForm 
Integration[2m > 
[22msuccessfully creates 
patient with all fields
[41m[1m FAIL [22m[49m sr
c/test/PatientCreation.test.
jsx[2m:237:3[22m[2m > 
[22mPatientOnboardingForm 
Integration[2m > 
[22mhandles API error 
gracefully
[31m[1mError[22m: 
useLanguage must be used 
within LanguageProvider[39m
[36m [2mΓ¥»[22m 
useLanguage src/language/use
Language.ts:[2m7:11[22m[3
9m
    [90m  5| [39m  
[35mconst[39m context 
[33m=[39m [34museContext
[39m([33mLanguageContext[3
9m)[33m;[39m
    [90m  6| [39m  
[35mif[39m 
([33m![39mcontext) {
    [90m  7| [39m    
throw new 
Error("useLanguage must be 
used within 
LanguageProvider"ΓÇª
    [90m   | [39m         
 [31m^[39m
    [90m  8| [39m  }
    [90m  9| [39m  
[35mreturn[39m 
context[33m;[39m
[90m [2mΓ¥»[22m 
PatientOnboardingForm src/co
mponents/form/patient/Patien
tOnboardingForm.tsx:[2m85:2
4[22m[39m
[90m [2mΓ¥»[22m Object.re
act_stack_bottom_frame node_
modules/react-dom/cjs/react-
dom-client.development.js:[
2m25904:20[22m[39m
[90m [2mΓ¥»[22m 
renderWithHooks node_modules
/react-dom/cjs/react-dom-cli
ent.development.js:[2m7662:
22[22m[39m
[90m [2mΓ¥»[22m 
updateFunctionComponent node
_modules/react-dom/cjs/react
-dom-client.development.js:
[2m10166:19[22m[39m
[90m [2mΓ¥»[22m 
beginWork node_modules/react
-dom/cjs/react-dom-client.de
velopment.js:[2m11778:18[2
2m[39m
[90m [2mΓ¥»[22m 
runWithFiberInDEV node_modul
es/react-dom/cjs/react-dom-c
lient.development.js:[2m874
:13[22m[39m
[90m [2mΓ¥»[22m 
performUnitOfWork node_modul
es/react-dom/cjs/react-dom-c
lient.development.js:[2m176
41:22[22m[39m
[90m [2mΓ¥»[22m 
workLoopSync node_modules/re
act-dom/cjs/react-dom-client
.development.js:[2m17469:41
[22m[39m
[90m [2mΓ¥»[22m 
renderRootSync node_modules/
react-dom/cjs/react-dom-clie
nt.development.js:[2m17450:
11[22m[39m

[31m[2mΓÄ»ΓÄ»ΓÄ»ΓÄ»ΓÄ»ΓÄ»Γ
Ä»ΓÄ»ΓÄ»ΓÄ»ΓÄ»ΓÄ»ΓÄ»ΓÄ»ΓÄ»ΓÄ
»ΓÄ»ΓÄ»ΓÄ»ΓÄ»ΓÄ»ΓÄ»ΓÄ»[2/10]
ΓÄ»[22m[39m


[2m Test Files [22m [1m[31m1 failed[39m[22m[90m (1)[39m
[2m      Tests [22m [1m[31m10 failed[39m[22m[90m (10)[39m
[2m   Start at [22m 13:52:10
[2m   Duration [22m 3.83s[2m (transform 427ms, setup 245ms, import 2.45s, tests 40ms, environment 878ms)[22m

[1m[7m[35m HTML [39m[27m[22m [35mReport is generated[39m
[2m       You can run [22m[1mnpx vite preview --outDir html[22m[2m to see the test results.[22m
